// Jest Snapshot v1, https://goo.gl/fbAQLP

exports[`ArcGraph finds sides 1`] = `
Map {
  1 => -1,
  2 => 1,
  3 => -1,
}
`;

exports[`ArcGraph finds sides 2`] = `
Map {
  0 => 1,
  24 => 1,
  26 => 1,
  9 => -1,
  10 => 1,
  12 => 1,
  13 => -1,
  14 => 1,
  15 => -1,
  16 => 1,
  17 => -1,
  18 => 1,
  25 => -1,
  2 => 1,
  19 => -1,
  20 => 1,
  3 => -1,
  4 => 1,
  5 => -1,
  8 => 1,
  22 => 1,
  23 => -1,
}
`;

exports[`ArcGraph mapEdges 1`] = `
Array [
  Object {
    "direction": -1,
    "from": "1",
    "fromIndex": 1,
    "index": 0,
    "pad": 0,
    "side": 1,
    "to": "2",
    "toIndex": 2,
  },
  Object {
    "direction": -1,
    "from": "1",
    "fromIndex": 1,
    "index": 1,
    "pad": 2,
    "side": 1,
    "to": "3",
    "toIndex": 4,
  },
  Object {
    "direction": -1,
    "from": "1",
    "fromIndex": 1,
    "index": 2,
    "pad": 4,
    "side": 1,
    "to": "4",
    "toIndex": 6,
  },
  Object {
    "direction": -1,
    "from": "2",
    "fromIndex": 3,
    "index": 3,
    "pad": 2,
    "side": 1,
    "to": "4",
    "toIndex": 6,
  },
  Object {
    "direction": -1,
    "from": "4",
    "fromIndex": 7,
    "index": 4,
    "pad": 0,
    "side": 1,
    "to": "5",
    "toIndex": 8,
  },
]
`;
